// Jest Snapshot v1, https://goo.gl/fbAQLP

exports[`Should OfferScreen render correctly 1`] = `""`;
